This is pdfTeX, Version 3.141592653-2.6-1.40.25 (MiKTeX 24.1) (preloaded format=pdflatex 2026.1.9)  27 MAY 2026 15:07
entering extended mode
 restricted \write18 enabled.
 file:line:error style messages enabled.
 %&-line parsing enabled.
**"d:/TRPL/SEM 4/PSAIT/Laprak/Template/template.tex"
(d:/TRPL/SEM 4/PSAIT/Laprak/Template/template.tex
LaTeX2e <2023-11-01> patch level 1
L3 programming layer <2024-01-04>
(C:\Users\ASUS\AppData\Local\Programs\MiKTeX\tex/latex/base\article.cls
Document Class: article 2023/05/17 v1.4n Standard LaTeX document class
(C:\Users\ASUS\AppData\Local\Programs\MiKTeX\tex/latex/base\size12.clo
File: size12.clo 2023/05/17 v1.4n Standard LaTeX file (size option)
)
\c@part=\count187
\c@section=\count188
\c@subsection=\count189
\c@subsubsection=\count190
\c@paragraph=\count191
\c@subparagraph=\count192
\c@figure=\count193
\c@table=\count194
\abovecaptionskip=\skip48
\belowcaptionskip=\skip49
\bibindent=\dimen140
) (D:\MiKTeX\tex/latex/geometry\geometry.sty
Package: geometry 2020/01/02 v5.9 Page Geometry
 (C:\Users\ASUS\AppData\Local\Programs\MiKTeX\tex/latex/graphics\keyval.sty
Package: keyval 2022/05/29 v1.15 key=value parser (DPC)
\KV@toks@=\toks17
) (C:\Users\ASUS\AppData\Local\Programs\MiKTeX\tex/generic/iftex\ifvtex.sty
Package: ifvtex 2019/10/25 v1.7 ifvtex legacy package. Use iftex instead.
 (C:\Users\ASUS\AppData\Local\Programs\MiKTeX\tex/generic/iftex\iftex.sty
Package: iftex 2022/02/03 v1.0f TeX engine tests
))
\Gm@cnth=\count195
\Gm@cntv=\count196
\c@Gm@tempcnt=\count197
\Gm@bindingoffset=\dimen141
\Gm@wd@mp=\dimen142
\Gm@odd@mp=\dimen143
\Gm@even@mp=\dimen144
\Gm@layoutwidth=\dimen145
\Gm@layoutheight=\dimen146
\Gm@layouthoffset=\dimen147
\Gm@layoutvoffset=\dimen148
\Gm@dimlist=\toks18
 (D:\MiKTeX\tex/latex/geometry\geometry.cfg)) (C:\Users\ASUS\AppData\Local\Programs\MiKTeX\tex/latex/graphics\graphicx.sty
Package: graphicx 2021/09/16 v1.2d Enhanced LaTeX Graphics (DPC,SPQR)
 (C:\Users\ASUS\AppData\Local\Programs\MiKTeX\tex/latex/graphics\graphics.sty
Package: graphics 2022/03/10 v1.4e Standard LaTeX Graphics (DPC,SPQR)
 (C:\Users\ASUS\AppData\Local\Programs\MiKTeX\tex/latex/graphics\trig.sty
Package: trig 2021/08/11 v1.11 sin cos tan (DPC)
) (C:\Users\ASUS\AppData\Local\Programs\MiKTeX\tex/latex/graphics-cfg\graphics.cfg
File: graphics.cfg 2016/06/04 v1.11 sample graphics configuration
)
Package graphics Info: Driver file: pdftex.def on input line 107.
 (C:\Users\ASUS\AppData\Local\Programs\MiKTeX\tex/latex/graphics-def\pdftex.def
File: pdftex.def 2022/09/22 v1.2b Graphics/color driver for pdftex
))
\Gin@req@height=\dimen149
\Gin@req@width=\dimen150
) (D:\MiKTeX\tex/latex/setspace\setspace.sty
Package: setspace 2022/12/04 v6.7b set line spacing
) (C:\Users\ASUS\AppData\Local\Programs\MiKTeX\tex/latex/ragged2e\ragged2e.sty
Package: ragged2e 2023/06/22 v3.6 ragged2e Package
\CenteringLeftskip=\skip50
\RaggedLeftLeftskip=\skip51
\RaggedRightLeftskip=\skip52
\CenteringRightskip=\skip53
\RaggedLeftRightskip=\skip54
\RaggedRightRightskip=\skip55
\CenteringParfillskip=\skip56
\RaggedLeftParfillskip=\skip57
\RaggedRightParfillskip=\skip58
\JustifyingParfillskip=\skip59
\CenteringParindent=\skip60
\RaggedLeftParindent=\skip61
\RaggedRightParindent=\skip62
\JustifyingParindent=\skip63
) (D:\MiKTeX\tex/latex/titling\titling.sty
Package: titling 2009/09/04 v2.1d maketitle typesetting
\thanksmarkwidth=\skip64
\thanksmargin=\skip65
\droptitle=\skip66
) (C:\Users\ASUS\AppData\Local\Programs\MiKTeX\tex/latex/listings\listings.sty
\lst@mode=\count198
\lst@gtempboxa=\box51
\lst@token=\toks19
\lst@length=\count199
\lst@currlwidth=\dimen151
\lst@column=\count266
\lst@pos=\count267
\lst@lostspace=\dimen152
\lst@width=\dimen153
\lst@newlines=\count268
\lst@lineno=\count269
\lst@maxwidth=\dimen154
 (C:\Users\ASUS\AppData\Local\Programs\MiKTeX\tex/latex/listings\lstmisc.sty
File: lstmisc.sty 2023/02/27 1.9 (Carsten Heinz)
\c@lstnumber=\count270
\lst@skipnumbers=\count271
\lst@framebox=\box52
) (C:\Users\ASUS\AppData\Local\Programs\MiKTeX\tex/latex/listings\listings.cfg
File: listings.cfg 2023/02/27 1.9 listings configuration
))
Package: listings 2023/02/27 1.9 (Carsten Heinz)
 (C:\Users\ASUS\AppData\Local\Programs\MiKTeX\tex/latex/xcolor\xcolor.sty
Package: xcolor 2023/11/15 v3.01 LaTeX color extensions (UK)
 (C:\Users\ASUS\AppData\Local\Programs\MiKTeX\tex/latex/graphics-cfg\color.cfg
File: color.cfg 2016/01/02 v1.6 sample color configuration
)
Package xcolor Info: Driver file: pdftex.def on input line 274.
 (C:\Users\ASUS\AppData\Local\Programs\MiKTeX\tex/latex/graphics\mathcolor.ltx)
Package xcolor Info: Model `cmy' substituted by `cmy0' on input line 1350.
Package xcolor Info: Model `hsb' substituted by `rgb' on input line 1354.
Package xcolor Info: Model `RGB' extended on input line 1366.
Package xcolor Info: Model `HTML' substituted by `rgb' on input line 1368.
Package xcolor Info: Model `Hsb' substituted by `hsb' on input line 1369.
Package xcolor Info: Model `tHsb' substituted by `hsb' on input line 1370.
Package xcolor Info: Model `HSB' substituted by `hsb' on input line 1371.
Package xcolor Info: Model `Gray' substituted by `gray' on input line 1372.
Package xcolor Info: Model `wave' substituted by `hsb' on input line 1373.
) (D:\MiKTeX\tex/latex/float\float.sty
Package: float 2001/11/08 v1.3d Float enhancements (AL)
\c@float@type=\count272
\float@exts=\toks20
\float@box=\box53
\@float@everytoks=\toks21
\@floatcapt=\box54
) (C:\Users\ASUS\AppData\Local\Programs\MiKTeX\tex/latex/hyperref\hyperref.sty
Package: hyperref 2023-11-26 v7.01g Hypertext links for LaTeX
 (D:\MiKTeX\tex/generic/infwarerr\infwarerr.sty
Package: infwarerr 2019/12/03 v1.5 Providing info/warning/error messages (HO)
) (D:\MiKTeX\tex/latex/kvsetkeys\kvsetkeys.sty
Package: kvsetkeys 2022-10-05 v1.19 Key value parser (HO)
) (D:\MiKTeX\tex/generic/kvdefinekeys\kvdefinekeys.sty
Package: kvdefinekeys 2019-12-19 v1.6 Define keys (HO)
) (D:\MiKTeX\tex/generic/pdfescape\pdfescape.sty
Package: pdfescape 2019/12/09 v1.15 Implements pdfTeX's escape features (HO)
 (D:\MiKTeX\tex/generic/ltxcmds\ltxcmds.sty
Package: ltxcmds 2023-12-04 v1.26 LaTeX kernel commands for general use (HO)
) (C:\Users\ASUS\AppData\Local\Programs\MiKTeX\tex/generic/pdftexcmds\pdftexcmds.sty
Package: pdftexcmds 2020-06-27 v0.33 Utility functions of pdfTeX for LuaTeX (HO)
Package pdftexcmds Info: \pdf@primitive is available.
Package pdftexcmds Info: \pdf@ifprimitive is available.
Package pdftexcmds Info: \pdfdraftmode found.
)) (D:\MiKTeX\tex/latex/hycolor\hycolor.sty
Package: hycolor 2020-01-27 v1.10 Color options for hyperref/bookmark (HO)
) (D:\MiKTeX\tex/latex/letltxmacro\letltxmacro.sty
Package: letltxmacro 2019/12/03 v1.6 Let assignment for LaTeX macros (HO)
) (D:\MiKTeX\tex/latex/auxhook\auxhook.sty
Package: auxhook 2019-12-17 v1.6 Hooks for auxiliary files (HO)
) (C:\Users\ASUS\AppData\Local\Programs\MiKTeX\tex/latex/hyperref\nameref.sty
Package: nameref 2023-11-26 v2.56 Cross-referencing by name of section
 (D:\MiKTeX\tex/latex/refcount\refcount.sty
Package: refcount 2019/12/15 v3.6 Data extraction from label references (HO)
) (D:\MiKTeX\tex/generic/gettitlestring\gettitlestring.sty
Package: gettitlestring 2019/12/15 v1.6 Cleanup title references (HO)
 (D:\MiKTeX\tex/latex/kvoptions\kvoptions.sty
Package: kvoptions 2022-06-15 v3.15 Key value format for package options (HO)
))
\c@section@level=\count273
) (C:\Users\ASUS\AppData\Local\Programs\MiKTeX\tex/latex/etoolbox\etoolbox.sty
Package: etoolbox 2020/10/05 v2.5k e-TeX tools for LaTeX (JAW)
\etb@tempcnta=\count274
)
\@linkdim=\dimen155
\Hy@linkcounter=\count275
\Hy@pagecounter=\count276
 (C:\Users\ASUS\AppData\Local\Programs\MiKTeX\tex/latex/hyperref\pd1enc.def
File: pd1enc.def 2023-11-26 v7.01g Hyperref: PDFDocEncoding definition (HO)
Now handling font encoding PD1 ...
... no UTF-8 mapping file for font encoding PD1
) (D:\MiKTeX\tex/generic/intcalc\intcalc.sty
Package: intcalc 2019/12/15 v1.3 Expandable calculations with integers (HO)
)
\Hy@SavedSpaceFactor=\count277
 (C:\Users\ASUS\AppData\Local\Programs\MiKTeX\tex/latex/hyperref\puenc.def
File: puenc.def 2023-11-26 v7.01g Hyperref: PDF Unicode definition (HO)
Now handling font encoding PU ...
... no UTF-8 mapping file for font encoding PU
)
Package hyperref Info: Hyper figures OFF on input line 4181.
Package hyperref Info: Link nesting OFF on input line 4186.
Package hyperref Info: Hyper index ON on input line 4189.
Package hyperref Info: Plain pages OFF on input line 4196.
Package hyperref Info: Backreferencing OFF on input line 4201.
Package hyperref Info: Implicit mode ON; LaTeX internals redefined.
Package hyperref Info: Bookmarks ON on input line 4448.
\c@Hy@tempcnt=\count278
 (C:\Users\ASUS\AppData\Local\Programs\MiKTeX\tex/latex/url\url.sty
\Urlmuskip=\muskip16
Package: url 2013/09/16  ver 3.4  Verb mode for urls, etc.
)
LaTeX Info: Redefining \url on input line 4786.
\XeTeXLinkMargin=\dimen156
 (D:\MiKTeX\tex/generic/bitset\bitset.sty
Package: bitset 2019/12/09 v1.3 Handle bit-vector datatype (HO)
 (D:\MiKTeX\tex/generic/bigintcalc\bigintcalc.sty
Package: bigintcalc 2019/12/15 v1.5 Expandable calculations on big integers (HO)
))
\Fld@menulength=\count279
\Field@Width=\dimen157
\Fld@charsize=\dimen158
Package hyperref Info: Hyper figures OFF on input line 6065.
Package hyperref Info: Link nesting OFF on input line 6070.
Package hyperref Info: Hyper index ON on input line 6073.
Package hyperref Info: backreferencing OFF on input line 6080.
Package hyperref Info: Link coloring OFF on input line 6085.
Package hyperref Info: Link coloring with OCG OFF on input line 6090.
Package hyperref Info: PDF/A mode OFF on input line 6095.
 (C:\Users\ASUS\AppData\Local\Programs\MiKTeX\tex/latex/base\atbegshi-ltx.sty
Package: atbegshi-ltx 2021/01/10 v1.0c Emulation of the original atbegshi
package with kernel methods
)
\Hy@abspage=\count280
\c@Item=\count281
\c@Hfootnote=\count282
)
Package hyperref Info: Driver (autodetected): hpdftex.
 (C:\Users\ASUS\AppData\Local\Programs\MiKTeX\tex/latex/hyperref\hpdftex.def
File: hpdftex.def 2023-11-26 v7.01g Hyperref driver for pdfTeX
 (C:\Users\ASUS\AppData\Local\Programs\MiKTeX\tex/latex/base\atveryend-ltx.sty
Package: atveryend-ltx 2020/08/19 v1.0a Emulation of the original atveryend package
with kernel methods
)
\Fld@listcount=\count283
\c@bookmark@seq@number=\count284
 (D:\MiKTeX\tex/latex/rerunfilecheck\rerunfilecheck.sty
Package: rerunfilecheck 2025-06-21 v1.11 Rerun checks for auxiliary files (HO)
 (D:\MiKTeX\tex/generic/uniquecounter\uniquecounter.sty
Package: uniquecounter 2019/12/15 v1.4 Provide unlimited unique counter (HO)
)
Package uniquecounter Info: New unique counter `rerunfilecheck' on input line 284.
)
\Hy@SectionHShift=\skip67
) (C:\Users\ASUS\AppData\Local\Programs\MiKTeX\tex/latex/tools\indentfirst.sty
Package: indentfirst 2023/07/02 v1.03 Indent first paragraph (DPC)
) (D:\MiKTeX\tex/latex/chngcntr\chngcntr.sty
Package: chngcntr 2018/04/09 v1.1a change counter resetting
Package chngcntr Info: \counterwithout already defined.
(chngcntr)             Quitting chngcntr on input line 21.
) (C:\Users\ASUS\AppData\Local\Programs\MiKTeX\tex/latex/l3backend\l3backend-pdftex.def
File: l3backend-pdftex.def 2024-01-04 L3 backend support: PDF output (pdfTeX)
\l__color_backend_stack_int=\count285
\l__pdf_internal_box=\box55
) (template.aux)
\openout1 = `template.aux'.

LaTeX Font Info:    Checking defaults for OML/cmm/m/it on input line 67.
LaTeX Font Info:    ... okay on input line 67.
LaTeX Font Info:    Checking defaults for OMS/cmsy/m/n on input line 67.
LaTeX Font Info:    ... okay on input line 67.
LaTeX Font Info:    Checking defaults for OT1/cmr/m/n on input line 67.
LaTeX Font Info:    ... okay on input line 67.
LaTeX Font Info:    Checking defaults for T1/cmr/m/n on input line 67.
LaTeX Font Info:    ... okay on input line 67.
LaTeX Font Info:    Checking defaults for TS1/cmr/m/n on input line 67.
LaTeX Font Info:    ... okay on input line 67.
LaTeX Font Info:    Checking defaults for OMX/cmex/m/n on input line 67.
LaTeX Font Info:    ... okay on input line 67.
LaTeX Font Info:    Checking defaults for U/cmr/m/n on input line 67.
LaTeX Font Info:    ... okay on input line 67.
LaTeX Font Info:    Checking defaults for PD1/pdf/m/n on input line 67.
LaTeX Font Info:    ... okay on input line 67.
LaTeX Font Info:    Checking defaults for PU/pdf/m/n on input line 67.
LaTeX Font Info:    ... okay on input line 67.

*geometry* driver: auto-detecting
*geometry* detected driver: pdftex
*geometry* verbose mode - [ preamble ] result:
* driver: pdftex
* paper: a4paper
* layout: <same size as paper>
* layoutoffset:(h,v)=(0.0pt,0.0pt)
* modes: 
* h-part:(L,W,R)=(85.35826pt, 426.79135pt, 85.35826pt)
* v-part:(T,H,B)=(85.35826pt, 674.33032pt, 85.35826pt)
* \paperwidth=597.50787pt
* \paperheight=845.04684pt
* \textwidth=426.79135pt
* \textheight=674.33032pt
* \oddsidemargin=13.08827pt
* \evensidemargin=13.08827pt
* \topmargin=-23.91173pt
* \headheight=12.0pt
* \headsep=25.0pt
* \topskip=12.0pt
* \footskip=30.0pt
* \marginparwidth=35.0pt
* \marginparsep=10.0pt
* \columnsep=10.0pt
* \skip\footins=10.8pt plus 4.0pt minus 2.0pt
* \hoffset=0.0pt
* \voffset=0.0pt
* \mag=1000
* \@twocolumnfalse
* \@twosidefalse
* \@mparswitchfalse
* \@reversemarginfalse
* (1in=72.27pt=25.4mm, 1cm=28.453pt)

(C:\Users\ASUS\AppData\Local\Programs\MiKTeX\tex/context/base/mkii\supp-pdf.mkii
[Loading MPS to PDF converter (version 2006.09.02).]
\scratchcounter=\count286
\scratchdimen=\dimen159
\scratchbox=\box56
\nofMPsegments=\count287
\nofMParguments=\count288
\everyMPshowfont=\toks22
\MPscratchCnt=\count289
\MPscratchDim=\dimen160
\MPnumerator=\count290
\makeMPintoPDFobject=\count291
\everyMPtoPDFconversion=\toks23
) (C:\Users\ASUS\AppData\Local\Programs\MiKTeX\tex/latex/epstopdf-pkg\epstopdf-base.sty
Package: epstopdf-base 2020-01-24 v2.11 Base part for package epstopdf
Package epstopdf-base Info: Redefining graphics rule for `.eps' on input line 485.
 (C:\Users\ASUS\AppData\Local\Programs\MiKTeX\tex/latex/00miktex\epstopdf-sys.cfg
File: epstopdf-sys.cfg 2021/03/18 v2.0 Configuration of epstopdf for MiKTeX
))
\c@lstlisting=\count292
Package hyperref Info: Link coloring OFF on input line 67.
 (template.out) (template.out)
\@outlinefile=\write3
\openout3 = `template.out'.

<../images/ugm.png, id=67, 1606.0pt x 1606.0pt>
File: ../images/ugm.png Graphic file (type png)
<use ../images/ugm.png>
Package pdftex.def Info: ../images/ugm.png  used on input line 82.
(pdftex.def)             Requested size: 199.15665pt x 199.16928pt.
LaTeX Font Info:    External font `cmex10' loaded for size
(Font)              <12> on input line 90.
LaTeX Font Info:    External font `cmex10' loaded for size
(Font)              <8> on input line 90.
LaTeX Font Info:    External font `cmex10' loaded for size
(Font)              <6> on input line 90.
 [1

{C:/Users/ASUS/AppData/Local/MiKTeX/fonts/map/pdftex/pdftex.map} <../images/ugm.png>]
pdfTeX warning (ext4): destination with the same identifier (name{page.1}) has been already used, duplicate ignored
<to be read again> 
                   \relax 
l.130 
       [1] [2]
<../images/docker-yaml.png, id=92, 1024.82875pt x 569.12625pt>
File: ../images/docker-yaml.png Graphic file (type png)
<use ../images/docker-yaml.png>
Package pdftex.def Info: ../images/docker-yaml.png  used on input line 142.
(pdftex.def)             Requested size: 341.43437pt x 189.60986pt.
<../images/compose-up.png, id=93, 1112.155pt x 444.66125pt>
File: ../images/compose-up.png Graphic file (type png)
<use ../images/compose-up.png>
Package pdftex.def Info: ../images/compose-up.png  used on input line 151.
(pdftex.def)             Requested size: 384.1096pt x 153.57791pt.
 [3 <../images/docker-yaml.png>] (C:\Users\ASUS\AppData\Local\Programs\MiKTeX\tex/latex/listings\lstlang1.sty
File: lstlang1.sty 2023/02/27 1.9 listings language file
) (C:\Users\ASUS\AppData\Local\Programs\MiKTeX\tex/latex/listings\lstlang1.sty
File: lstlang1.sty 2023/02/27 1.9 listings language file
) (C:\Users\ASUS\AppData\Local\Programs\MiKTeX\tex/latex/listings\lstlang1.sty
File: lstlang1.sty 2023/02/27 1.9 listings language file
) (C:\Users\ASUS\AppData\Local\Programs\MiKTeX\tex/latex/listings\lstlang2.sty
File: lstlang2.sty 2023/02/27 1.9 listings language file
)
<../images/cek-status.png, id=100, 1204.5pt x 49.18375pt>
File: ../images/cek-status.png Graphic file (type png)
<use ../images/cek-status.png>
Package pdftex.def Info: ../images/cek-status.png  used on input line 164.
(pdftex.def)             Requested size: 426.79135pt x 17.42769pt.
 [4 <../images/compose-up.png> <../images/cek-status.png>]
<../images/rebuild-service.png, id=113, 1133.23375pt x 483.8075pt>
File: ../images/rebuild-service.png Graphic file (type png)
<use ../images/rebuild-service.png>
Package pdftex.def Info: ../images/rebuild-service.png  used on input line 180.
(pdftex.def)             Requested size: 426.79135pt x 182.20988pt.
<../images/service-mysql.png, id=114, 623.32875pt x 406.51875pt>
File: ../images/service-mysql.png Graphic file (type png)
<use ../images/service-mysql.png>
Package pdftex.def Info: ../images/service-mysql.png  used on input line 189.
(pdftex.def)             Requested size: 426.79135pt x 278.3458pt.

Overfull \hbox (3.90695pt too wide) in paragraph at lines 186--192
\OT1/cmr/m/n/12 lakukan den-gan menam-bahkan kon-fig-urasi ser-vice baru pada file docker-compose.yml. 
 []

[5 <../images/rebuild-service.png>]
<../images/persistent.png, id=125, 274.02374pt x 194.97844pt>
File: ../images/persistent.png Graphic file (type png)
<use ../images/persistent.png>
Package pdftex.def Info: ../images/persistent.png  used on input line 197.
(pdftex.def)             Requested size: 256.07741pt x 182.22357pt.
 [6 <../images/service-mysql.png> <../images/persistent.png>]
<../images/env.png, id=135, 288.07625pt x 136.51pt>
File: ../images/env.png Graphic file (type png)
<use ../images/env.png>
Package pdftex.def Info: ../images/env.png  used on input line 212.
(pdftex.def)             Requested size: 341.43437pt x 161.8011pt.
<../images/compose-lengkap.png, id=137, 820.06375pt x 837.1275pt>
File: ../images/compose-lengkap.png Graphic file (type png)
<use ../images/compose-lengkap.png>
Package pdftex.def Info: ../images/compose-lengkap.png  used on input line 220.
(pdftex.def)             Requested size: 426.79135pt x 435.67924pt.
 [7 <../images/env.png>]
<../images/compose-up-new.png, id=150, 454.69875pt x 107.40125pt>
File: ../images/compose-up-new.png Graphic file (type png)
<use ../images/compose-up-new.png>
Package pdftex.def Info: ../images/compose-up-new.png  used on input line 232.
(pdftex.def)             Requested size: 341.43437pt x 80.64905pt.
 [8 <../images/compose-lengkap.png>]
<../images/register.png, id=159, 904.1278pt x 444.15938pt>
File: ../images/register.png Graphic file (type png)
<use ../images/register.png>
Package pdftex.def Info: ../images/register.png  used on input line 246.
(pdftex.def)             Requested size: 426.79135pt x 209.66309pt.
<../images/login.png, id=160, 910.15031pt x 453.19313pt>
File: ../images/login.png Graphic file (type png)
<use ../images/login.png>
Package pdftex.def Info: ../images/login.png  used on input line 252.
(pdftex.def)             Requested size: 426.79135pt x 212.51674pt.
<../images/users.png, id=161, 941.01563pt x 423.83344pt>
File: ../images/users.png Graphic file (type png)
<use ../images/users.png>
Package pdftex.def Info: ../images/users.png  used on input line 258.
(pdftex.def)             Requested size: 426.79135pt x 192.22365pt.
 [9 <../images/compose-up-new.png> <../images/register.png>]
<../images/hot-reload.png, id=173, 654.94687pt x 572.89032pt>
File: ../images/hot-reload.png Graphic file (type png)
<use ../images/hot-reload.png>
Package pdftex.def Info: ../images/hot-reload.png  used on input line 266.
(pdftex.def)             Requested size: 426.79135pt x 373.31839pt.
 [10 <../images/login.png> <../images/users.png>]
<../images/hot-reload-working.png, id=184, 484.05844pt x 133.24782pt>
File: ../images/hot-reload-working.png Graphic file (type png)
<use ../images/hot-reload-working.png>
Package pdftex.def Info: ../images/hot-reload-working.png  used on input line 273.
(pdftex.def)             Requested size: 341.43437pt x 93.99054pt.
<../images/service-phpMyAdmin.png, id=186, 440.39531pt x 310.91156pt>
File: ../images/service-phpMyAdmin.png Graphic file (type png)
<use ../images/service-phpMyAdmin.png>
Package pdftex.def Info: ../images/service-phpMyAdmin.png  used on input line 284.
(pdftex.def)             Requested size: 384.1096pt x 271.1835pt.
 [11 <../images/hot-reload.png> <../images/hot-reload-working.png>]
Overfull \hbox (2.4046pt too wide) in paragraph at lines 290--291
\OT1/cmr/m/n/12 resmi versi ter-baru dari Docker Hub yang dideklarasikan melalui sin-taks \OT1/cmtt/m/n/12 image:
 []

[12 <../images/service-phpMyAdmin.png>]
Overfull \hbox (1.25021pt too wide) in paragraph at lines 292--293
\OT1/cmr/m/n/12 juga dis-e-laraskan meng-gu-nakan vari-abel \OT1/cmtt/m/n/12 MYSQL[]ROOT[]PASSWORD\OT1/cmr/m/n/12 . Un-tuk memas-
 []


Overfull \hbox (2.66624pt too wide) in paragraph at lines 295--296
[]\OT1/cmr/m/n/12 Lakukan CRUD database ap-likasi php[]jwt-db den-gan meng-gu-nakan ph-p-MyAd-
 []


Underfull \hbox (badness 10000) in paragraph at lines 295--296

 []

<../images/insert.png, id=206, 1017.04968pt x 293.59688pt>
File: ../images/insert.png Graphic file (type png)
<use ../images/insert.png>
Package pdftex.def Info: ../images/insert.png  used on input line 301.
(pdftex.def)             Requested size: 426.79135pt x 123.20232pt.

Overfull \hbox (1.74443pt too wide) in paragraph at lines 297--304
\OT1/cmr/m/n/12 coba se-cara lang-sung di ph-p-MyAd-min, akan muncul pe-san berhasil seperti
 []

[13]
<../images/update.png, id=213, 449.42906pt x 180.675pt>
File: ../images/update.png Graphic file (type png)
<use ../images/update.png>
Package pdftex.def Info: ../images/update.png  used on input line 309.
(pdftex.def)             Requested size: 426.79135pt x 171.58237pt.

Overfull \hbox (20.99228pt too wide) in paragraph at lines 305--312
\OT1/cmr/m/n/12 Mahasiswa melakukan pe-ruba-han data user coba den-gan men-gubah last[]name
 []

<../images/delete.png, id=215, 273.27094pt x 158.84344pt>
File: ../images/delete.png Graphic file (type png)
<use ../images/delete.png>
Package pdftex.def Info: ../images/delete.png  used on input line 317.
(pdftex.def)             Requested size: 341.43437pt x 198.47867pt.
[14 <../images/insert.png> <../images/update.png>]
<../images/update-hasil.png, id=228, 895.09406pt x 404.26031pt>
File: ../images/update-hasil.png Graphic file (type png)
<use ../images/update-hasil.png>
Package pdftex.def Info: ../images/update-hasil.png  used on input line 325.
(pdftex.def)             Requested size: 426.79135pt x 192.75969pt.
<../images/read.png, id=230, 1199.23032pt x 684.30656pt>
File: ../images/read.png Graphic file (type png)
<use ../images/read.png>
Package pdftex.def Info: ../images/read.png  used on input line 332.
(pdftex.def)             Requested size: 426.79135pt x 243.53091pt.
 [15 <../images/delete.png> <../images/update-hasil.png>] [16 <../images/read.png>] [17] (template.bbl
Underfull \hbox (badness 2165) in paragraph at lines 25--29
\OT1/cmr/m/n/12 er-ize php , apache, dan post-gresql,'' []$https : / / medium . com / @nanoyulian /
 []


Underfull \hbox (badness 2080) in paragraph at lines 31--35
[]\OT1/cmr/m/n/12 I. S. Stephanie Sus-n-jara, ``Apa yang di-mak-sud den-gan orkestrasi kon-
 []


Underfull \hbox (badness 1331) in paragraph at lines 31--35
\OT1/cmr/m/n/12 tainer? | IBM --- ibm.com,'' []$https : / / www . ibm . com / id-[]id / think / topics /
 []

) [18] (template.aux)
 ***********
LaTeX2e <2023-11-01> patch level 1
L3 programming layer <2024-01-04>
 ***********
Package rerunfilecheck Info: File `template.out' has not changed.
(rerunfilecheck)             Checksum: 00DC88037B2513049187DCEA814A9B81;2927.
 ) 
Here is how much of TeX's memory you used:
 13470 strings out of 474486
 212726 string characters out of 5744228
 1935542 words of memory out of 5000000
 35535 multiletter control sequences out of 15000+600000
 563475 words of font info for 55 fonts, out of 8000000 for 9000
 1141 hyphenation exceptions out of 8191
 75i,7n,79p,974b,3093s stack positions out of 10000i,1000n,20000p,200000b,200000s
<C:/Users/ASUS/AppData/Local/Programs/MiKTeX/fonts/type1/public/amsfonts/cm/cmbx12.pfb><C:/Users/ASUS/AppData/Local/Programs/MiKTeX/fonts/type1/public/amsfonts/cm/cmitt10.pfb><C:/Users/ASUS/AppData/Local/Programs/MiKTeX/fonts/type1/public/amsfonts/cm/cmr12.pfb><C:/Users/ASUS/AppData/Local/Programs/MiKTeX/fonts/type1/public/amsfonts/cm/cmr6.pfb><C:/Users/ASUS/AppData/Local/Programs/MiKTeX/fonts/type1/public/amsfonts/cm/cmti12.pfb><C:/Users/ASUS/AppData/Local/Programs/MiKTeX/fonts/type1/public/amsfonts/cm/cmtt10.pfb><C:/Users/ASUS/AppData/Local/Programs/MiKTeX/fonts/type1/public/amsfonts/cm/cmtt12.pfb>
Output written on template.pdf (19 pages, 3763531 bytes).
PDF statistics:
 309 PDF objects out of 1000 (max. 8388607)
 82 named destinations out of 1000 (max. 500000)
 234 words of extra memory for PDF output out of 10000 (max. 10000000)

